Component: ARM Compiler 5.06 update 7 (build 960) Tool: armlink [4d3601]

==============================================================================

Section Cross References

    main_user_speed.o(i.IT_Principale) refers to toolbox_nrj_v4.o(i.Entree_10V) for Entree_10V
    main_user_speed.o(i.IT_Principale) refers to toolbox_nrj_v4.o(i.I1) for I1
    main_user_speed.o(i.IT_Principale) refers to toolbox_nrj_v4.o(i.Entree_3V3) for Entree_3V3
    main_user_speed.o(i.IT_Principale) refers to fflti.o(.text) for __aeabi_i2f
    main_user_speed.o(i.IT_Principale) refers to f2d.o(.text) for __aeabi_f2d
    main_user_speed.o(i.IT_Principale) refers to dmul.o(.text) for __aeabi_dmul
    main_user_speed.o(i.IT_Principale) refers to ddiv.o(.text) for __aeabi_ddiv
    main_user_speed.o(i.IT_Principale) refers to d2f.o(.text) for __aeabi_d2f
    main_user_speed.o(i.IT_Principale) refers to dadd.o(.text) for __aeabi_dsub
    main_user_speed.o(i.IT_Principale) refers to dflti.o(.text) for __aeabi_i2d
    main_user_speed.o(i.IT_Principale) refers to cdrcmple.o(.text) for __aeabi_cdrcmple
    main_user_speed.o(i.IT_Principale) refers to fadd.o(.text) for __aeabi_fsub
    main_user_speed.o(i.IT_Principale) refers to fmul.o(.text) for __aeabi_fmul
    main_user_speed.o(i.IT_Principale) refers to cfcmple.o(.text) for __aeabi_cfcmple
    main_user_speed.o(i.IT_Principale) refers to cdcmple.o(.text) for __aeabi_cdcmple
    main_user_speed.o(i.IT_Principale) refers to dfixi.o(.text) for __aeabi_d2iz
    main_user_speed.o(i.IT_Principale) refers to main_user_speed.o(i.Trouver_tau) for Trouver_tau
    main_user_speed.o(i.IT_Principale) refers to main_user_speed.o(.data) for Cons_In
    main_user_speed.o(i.IT_Principale) refers to toolbox_nrj_v4.o(.data) for Resolution
    main_user_speed.o(i.Trouver_tau) refers to fadd.o(.text) for __aeabi_fsub
    main_user_speed.o(i.Trouver_tau) refers to f2d.o(.text) for __aeabi_f2d
    main_user_speed.o(i.Trouver_tau) refers to cdcmple.o(.text) for __aeabi_cdcmple
    main_user_speed.o(i.Trouver_tau) refers to dmul.o(.text) for __aeabi_dmul
    main_user_speed.o(i.Trouver_tau) refers to dadd.o(.text) for __aeabi_dadd
    main_user_speed.o(i.Trouver_tau) refers to d2f.o(.text) for __aeabi_d2f
    main_user_speed.o(i.Trouver_tau) refers to cfrcmple.o(.text) for __aeabi_cfrcmple
    main_user_speed.o(i.Trouver_tau) refers to dflti.o(.text) for __aeabi_i2d
    main_user_speed.o(i.Trouver_tau) refers to fdiv.o(.text) for __aeabi_fdiv
    main_user_speed.o(i.Trouver_tau) refers to fmul.o(.text) for __aeabi_fmul
    main_user_speed.o(i.Trouver_tau) refers to ddiv.o(.text) for __aeabi_ddiv
    main_user_speed.o(i.Trouver_tau) refers to main_user_speed.o(.data) for m
    main_user_speed.o(i.Trouver_tau) refers to main_user_speed.o(.bss) for samples
    main_user_speed.o(i.main) refers to toolbox_nrj_v4.o(i.Conf_Generale_IO_Carte) for Conf_Generale_IO_Carte
    main_user_speed.o(i.main) refers to toolbox_nrj_v4.o(i.Conf_ADC) for Conf_ADC
    main_user_speed.o(i.main) refers to toolbox_nrj_v4.o(i.Triangle) for Triangle
    main_user_speed.o(i.main) refers to toolbox_nrj_v4.o(i.Active_Voie_PWM) for Active_Voie_PWM
    main_user_speed.o(i.main) refers to toolbox_nrj_v4.o(i.Inv_Voie) for Inv_Voie
    main_user_speed.o(i.main) refers to toolbox_nrj_v4.o(i.Conf_IT_Principale_Systick) for Conf_IT_Principale_Systick
    main_user_speed.o(i.main) refers to main_user_speed.o(.data) for Te_us
    main_user_speed.o(i.main) refers to toolbox_nrj_v4.o(.data) for Resolution
    main_user_speed.o(i.main) refers to main_user_speed.o(i.IT_Principale) for IT_Principale
    toolbox_nrj_v4.o(i.Conf_ADC) refers to adc_dma.o(.text) for Init_TimingADC_ActiveADC
    toolbox_nrj_v4.o(i.Conf_Codeur_Inc) refers to nvic_it_ext.o(.text) for NVIC_Ext_IT
    toolbox_nrj_v4.o(i.Conf_Codeur_Inc) refers to timer_1234.o(.text) for Timer_Inc_Init
    toolbox_nrj_v4.o(i.Conf_Codeur_Inc) refers to toolbox_nrj_v4.o(i.IT_Index) for IT_Index
    toolbox_nrj_v4.o(i.Conf_Generale_IO_Carte) refers to clock.o(i.CLOCK_Configure) for CLOCK_Configure
    toolbox_nrj_v4.o(i.Conf_Generale_IO_Carte) refers to gpio.o(.text) for GPIO_Configure
    toolbox_nrj_v4.o(i.Conf_IT_Externe_3V3) refers to nvic_it_ext.o(.text) for NVIC_Ext_IT
    toolbox_nrj_v4.o(i.Conf_IT_Principale_Systick) refers to timer_systick.o(.text) for Systick_Prio_IT
    toolbox_nrj_v4.o(i.Conf_Sorties_PWM_Aux_Mode_PushPull_Idpt) refers to gpio.o(.text) for GPIO_Configure
    toolbox_nrj_v4.o(i.Init_IT_Ext_ABI_Rise_Fall) refers to nvic_it_ext.o(.text) for NVIC_Ext_IT
    toolbox_nrj_v4.o(i.Triangle) refers to fmul.o(.text) for __aeabi_fmul
    toolbox_nrj_v4.o(i.Triangle) refers to timer_1234.o(.text) for PWM_Init
    toolbox_nrj_v4.o(i.Triangle) refers to toolbox_nrj_v4.o(.data) for Resolution
    toolbox_nrj_v4.o(i.Triangle_Aux_Voie_1) refers to fmul.o(.text) for __aeabi_fmul
    toolbox_nrj_v4.o(i.Triangle_Aux_Voie_1) refers to timer_1234.o(.text) for PWM_Init
    toolbox_nrj_v4.o(i.Triangle_Aux_Voie_1) refers to toolbox_nrj_v4.o(.data) for Resolution_1
    toolbox_nrj_v4.o(i.Triangle_Aux_Voie_2_3) refers to fmul.o(.text) for __aeabi_fmul
    toolbox_nrj_v4.o(i.Triangle_Aux_Voie_2_3) refers to timer_1234.o(.text) for PWM_Init
    toolbox_nrj_v4.o(i.Triangle_Aux_Voie_2_3) refers to toolbox_nrj_v4.o(.data) for Resolution_2_3
    toolbox_nrj_v4.o(i.UpRamp) refers to timer_1234.o(.text) for PWM_Init
    toolbox_nrj_v4.o(i.UpRamp) refers to toolbox_nrj_v4.o(.data) for Resolution
    toolbox_nrj_v4.o(i.UpRamp_Aux_Voie_1) refers to timer_1234.o(.text) for PWM_Init
    toolbox_nrj_v4.o(i.UpRamp_Aux_Voie_1) refers to toolbox_nrj_v4.o(.data) for Resolution_1
    toolbox_nrj_v4.o(i.UpRamp_Aux_Voie_2_3) refers to timer_1234.o(.text) for PWM_Init
    toolbox_nrj_v4.o(i.UpRamp_Aux_Voie_2_3) refers to toolbox_nrj_v4.o(.data) for Resolution_2_3
    clock.o(i.CLOCK_Configure) refers to clock.o(i.CLOCK_HPRECompute) for CLOCK_HPRECompute
    startup_stm32f10x_md.o(RESET) refers to startup_stm32f10x_md.o(STACK) for __initial_sp
    startup_stm32f10x_md.o(RESET) refers to startup_stm32f10x_md.o(.text) for Reset_Handler
    startup_stm32f10x_md.o(RESET) refers to timer_systick.o(.text) for SysTick_Handler
    startup_stm32f10x_md.o(RESET) refers to nvic_it_ext.o(.text) for EXTI0_IRQHandler
    startup_stm32f10x_md.o(RESET) refers to timer_1234.o(.text) for TIM1_UP_IRQHandler
    startup_stm32f10x_md.o(.text) refers to system_stm32f10x.o(i.SystemInit) for SystemInit
    startup_stm32f10x_md.o(.text) refers to entry.o(.ARM.Collect$$$$00000000) for __main
    system_stm32f10x.o(i.SetSysClock) refers to system_stm32f10x.o(i.SetSysClockTo72) for SetSysClockTo72
    system_stm32f10x.o(i.SystemCoreClockUpdate) refers to system_stm32f10x.o(.data) for SystemCoreClock
    system_stm32f10x.o(i.SystemInit) refers to system_stm32f10x.o(i.SetSysClock) for SetSysClock
    timer_systick.o(.text) refers to clock.o(i.CLOCK_GetHCLK) for CLOCK_GetHCLK
    timer_systick.o(.text) refers to ffltui.o(.text) for __aeabi_ui2f
    timer_systick.o(.text) refers to fmul.o(.text) for __aeabi_fmul
    timer_systick.o(.text) refers to f2d.o(.text) for __aeabi_f2d
    timer_systick.o(.text) refers to ddiv.o(.text) for __aeabi_ddiv
    timer_systick.o(.text) refers to d2f.o(.text) for __aeabi_d2f
    timer_systick.o(.text) refers to ffixui.o(.text) for __aeabi_f2uiz
    timer_systick.o(.text) refers to fdiv.o(.text) for __aeabi_fdiv
    timer_systick.o(.text) refers to dmul.o(.text) for __aeabi_dmul
    timer_systick.o(.text) refers to cdrcmple.o(.text) for __aeabi_cdrcmple
    timer_systick.o(.text) refers to timer_systick.o(.data) for Ptr_Systick
    nvic_it_ext.o(.text) refers to gpio.o(.text) for GPIO_Configure
    nvic_it_ext.o(.text) refers to nvic_it_ext.o(.data) for Ptr_EXTI0
    adc_dma.o(.text) refers to clock.o(i.CLOCK_GetADCCLK) for CLOCK_GetADCCLK
    adc_dma.o(.text) refers to ffltui.o(.text) for __aeabi_ui2f
    adc_dma.o(.text) refers to fmul.o(.text) for __aeabi_fmul
    adc_dma.o(.text) refers to f2d.o(.text) for __aeabi_f2d
    adc_dma.o(.text) refers to dmul.o(.text) for __aeabi_dmul
    adc_dma.o(.text) refers to d2f.o(.text) for __aeabi_d2f
    adc_dma.o(.text) refers to cdcmple.o(.text) for __aeabi_cdcmple
    adc_dma.o(.text) refers to dadd.o(.text) for __aeabi_dadd
    adc_dma.o(.text) refers to ddiv.o(.text) for __aeabi_ddiv
    adc_dma.o(.text) refers to timer_1234.o(.text) for PWM_Init
    adc_dma.o(.text) refers to adc_dma.o(.data) for Ptr_ADC1
    adc_dma.o(.text) refers to adc_dma.o(.bss) for Tab_Resu_ADC
    timer_1234.o(.text) refers to clock.o(i.CLOCK_GetTIMCLK) for CLOCK_GetTIMCLK
    timer_1234.o(.text) refers to ffltui.o(.text) for __aeabi_ui2f
    timer_1234.o(.text) refers to fmul.o(.text) for __aeabi_fmul
    timer_1234.o(.text) refers to f2d.o(.text) for __aeabi_f2d
    timer_1234.o(.text) refers to ddiv.o(.text) for __aeabi_ddiv
    timer_1234.o(.text) refers to d2f.o(.text) for __aeabi_d2f
    timer_1234.o(.text) refers to ffixui.o(.text) for __aeabi_f2uiz
    timer_1234.o(.text) refers to fdiv.o(.text) for __aeabi_fdiv
    timer_1234.o(.text) refers to dfltui.o(.text) for __aeabi_ui2d
    timer_1234.o(.text) refers to dadd.o(.text) for __aeabi_dadd
    timer_1234.o(.text) refers to dmul.o(.text) for __aeabi_dmul
    timer_1234.o(.text) refers to timer_1234.o(.data) for Ptr_TIM1
    timer_1234.o(.text) refers to cdcmple.o(.text) for __aeabi_cdcmple
    timer_1234.o(.text) refers to cdrcmple.o(.text) for __aeabi_cdrcmple
    timer_1234.o(.text) refers to fflti.o(.text) for __aeabi_i2f
    timer_1234.o(.text) refers to ffixi.o(.text) for __aeabi_f2iz
    entry.o(.ARM.Collect$$$$00000000) refers (Special) to entry10a.o(.ARM.Collect$$$$0000000F) for __rt_final_cpp
    entry.o(.ARM.Collect$$$$00000000) refers (Special) to entry11a.o(.ARM.Collect$$$$00000011) for __rt_final_exit
    entry.o(.ARM.Collect$$$$00000000) refers (Special) to entry12b.o(.ARM.Collect$$$$0000000E) for __rt_lib_shutdown_fini
    entry.o(.ARM.Collect$$$$00000000) refers (Special) to entry7b.o(.ARM.Collect$$$$00000008) for _main_clock
    entry.o(.ARM.Collect$$$$00000000) refers (Special) to entry8b.o(.ARM.Collect$$$$0000000A) for _main_cpp_init
    entry.o(.ARM.Collect$$$$00000000) refers (Special) to entry9a.o(.ARM.Collect$$$$0000000B) for _main_init
    entry.o(.ARM.Collect$$$$00000000) refers (Special) to entry5.o(.ARM.Collect$$$$00000004) for _main_scatterload
    entry.o(.ARM.Collect$$$$00000000) refers (Special) to entry2.o(.ARM.Collect$$$$00000001) for _main_stk
    fadd.o(.text) refers (Special) to iusefp.o(.text) for __I$use$fp
    fadd.o(.text) refers to fepilogue.o(.text) for _float_epilogue
    fmul.o(.text) refers (Special) to iusefp.o(.text) for __I$use$fp
    fdiv.o(.text) refers (Special) to iusefp.o(.text) for __I$use$fp
    fdiv.o(.text) refers to fepilogue.o(.text) for _float_round
    dadd.o(.text) refers (Special) to iusefp.o(.text) for __I$use$fp
    dadd.o(.text) refers to llshl.o(.text) for __aeabi_llsl
    dadd.o(.text) refers to llsshr.o(.text) for __aeabi_lasr
    dadd.o(.text) refers to depilogue.o(.text) for _double_epilogue
    dmul.o(.text) refers (Special) to iusefp.o(.text) for __I$use$fp
    dmul.o(.text) refers to depilogue.o(.text) for _double_epilogue
    ddiv.o(.text) refers (Special) to iusefp.o(.text) for __I$use$fp
    ddiv.o(.text) refers to depilogue.o(.text) for _double_round
    fflti.o(.text) refers (Special) to iusefp.o(.text) for __I$use$fp
    fflti.o(.text) refers to fepilogue.o(.text) for _float_epilogue
    ffltui.o(.text) refers (Special) to iusefp.o(.text) for __I$use$fp
    ffltui.o(.text) refers to fepilogue.o(.text) for _float_epilogue
    dflti.o(.text) refers (Special) to iusefp.o(.text) for __I$use$fp
    dflti.o(.text) refers to depilogue.o(.text) for _double_epilogue
    dfltui.o(.text) refers (Special) to iusefp.o(.text) for __I$use$fp
    dfltui.o(.text) refers to depilogue.o(.text) for _double_epilogue
    ffixi.o(.text) refers (Special) to iusefp.o(.text) for __I$use$fp
    ffixui.o(.text) refers (Special) to iusefp.o(.text) for __I$use$fp
    dfixi.o(.text) refers (Special) to iusefp.o(.text) for __I$use$fp
    dfixi.o(.text) refers to llushr.o(.text) for __aeabi_llsr
    f2d.o(.text) refers (Special) to iusefp.o(.text) for __I$use$fp
    cdcmple.o(.text) refers (Special) to iusefp.o(.text) for __I$use$fp
    cdrcmple.o(.text) refers (Special) to iusefp.o(.text) for __I$use$fp
    d2f.o(.text) refers (Special) to iusefp.o(.text) for __I$use$fp
    d2f.o(.text) refers to fepilogue.o(.text) for _float_round
    cfcmple.o(.text) refers (Special) to iusefp.o(.text) for __I$use$fp
    cfrcmple.o(.text) refers (Special) to iusefp.o(.text) for __I$use$fp
    entry2.o(.ARM.Collect$$$$00000001) refers to entry2.o(.ARM.Collect$$$$00002712) for __lit__00000000
    entry2.o(.ARM.Collect$$$$00002712) refers to startup_stm32f10x_md.o(STACK) for __initial_sp
    entry2.o(__vectab_stack_and_reset_area) refers to startup_stm32f10x_md.o(STACK) for __initial_sp
    entry2.o(__vectab_stack_and_reset_area) refers to entry.o(.ARM.Collect$$$$00000000) for __main
    entry5.o(.ARM.Collect$$$$00000004) refers to init.o(.text) for __scatterload
    entry9a.o(.ARM.Collect$$$$0000000B) refers to main_user_speed.o(i.main) for main
    entry9b.o(.ARM.Collect$$$$0000000C) refers to main_user_speed.o(i.main) for main
    depilogue.o(.text) refers to llshl.o(.text) for __aeabi_llsl
    depilogue.o(.text) refers to llushr.o(.text) for __aeabi_llsr
    init.o(.text) refers to entry5.o(.ARM.Collect$$$$00000004) for __main_after_scatterload


==============================================================================

Removing Unused input sections from the image.

    Removing main_user_speed.o(.rev16_text), (4 bytes).
    Removing main_user_speed.o(.revsh_text), (4 bytes).
    Removing main_user_speed.o(.rrx_text), (6 bytes).
    Removing toolbox_nrj_v4.o(.rev16_text), (4 bytes).
    Removing toolbox_nrj_v4.o(.revsh_text), (4 bytes).
    Removing toolbox_nrj_v4.o(.rrx_text), (6 bytes).
    Removing toolbox_nrj_v4.o(i.Active_Voie_PWM_Aux), (252 bytes).
    Removing toolbox_nrj_v4.o(i.Conf_Codeur_Inc), (88 bytes).
    Removing toolbox_nrj_v4.o(i.Conf_IT_Externe_3V3), (28 bytes).
    Removing toolbox_nrj_v4.o(i.Conf_Sorties_PWM_Aux_Mode_PushPull_Idpt), (48 bytes).
    Removing toolbox_nrj_v4.o(i.Desactive_Voie_PWM), (40 bytes).
    Removing toolbox_nrj_v4.o(i.I2), (84 bytes).
    Removing toolbox_nrj_v4.o(i.I3), (84 bytes).
    Removing toolbox_nrj_v4.o(i.IT_Index), (10 bytes).
    Removing toolbox_nrj_v4.o(i.Init_IT_Ext_ABI_Rise_Fall), (68 bytes).
    Removing toolbox_nrj_v4.o(i.Triangle_Aux_Voie_1), (84 bytes).
    Removing toolbox_nrj_v4.o(i.Triangle_Aux_Voie_2_3), (84 bytes).
    Removing toolbox_nrj_v4.o(i.UpRamp), (72 bytes).
    Removing toolbox_nrj_v4.o(i.UpRamp_Aux_Voie_1), (72 bytes).
    Removing toolbox_nrj_v4.o(i.UpRamp_Aux_Voie_2_3), (72 bytes).
    Removing clock.o(.rev16_text), (4 bytes).
    Removing clock.o(.revsh_text), (4 bytes).
    Removing clock.o(.rrx_text), (6 bytes).
    Removing clock.o(i.CLOCK_GetPCLK1), (8 bytes).
    Removing clock.o(i.CLOCK_GetPCLK2), (8 bytes).
    Removing startup_stm32f10x_md.o(HEAP), (512 bytes).
    Removing system_stm32f10x.o(.rev16_text), (4 bytes).
    Removing system_stm32f10x.o(.revsh_text), (4 bytes).
    Removing system_stm32f10x.o(.rrx_text), (6 bytes).
    Removing system_stm32f10x.o(i.SystemCoreClockUpdate), (164 bytes).
    Removing system_stm32f10x.o(.data), (20 bytes).
    Removing timer_systick.o(.rev16_text), (4 bytes).
    Removing timer_systick.o(.revsh_text), (4 bytes).
    Removing gpio.o(.rev16_text), (4 bytes).
    Removing gpio.o(.revsh_text), (4 bytes).
    Removing nvic_it_ext.o(.rev16_text), (4 bytes).
    Removing nvic_it_ext.o(.revsh_text), (4 bytes).
    Removing adc_dma.o(.rev16_text), (4 bytes).
    Removing adc_dma.o(.revsh_text), (4 bytes).
    Removing timer_1234.o(.rev16_text), (4 bytes).
    Removing timer_1234.o(.revsh_text), (4 bytes).

41 unused section(s) (total 1894 bytes) removed from the image.

==============================================================================

Image Symbol Table

    Local Symbols

    Symbol Name                              Value     Ov Type        Size  Object(Section)

    ../clib/../cmprslib/zerorunl.c           0x00000000   Number         0  __dczerorl.o ABSOLUTE
    ../clib/microlib/init/entry.s            0x00000000   Number         0  entry10a.o ABSOLUTE
    ../clib/microlib/init/entry.s            0x00000000   Number         0  entry12b.o ABSOLUTE
    ../clib/microlib/init/entry.s            0x00000000   Number         0  entry11b.o ABSOLUTE
    ../clib/microlib/init/entry.s            0x00000000   Number         0  entry2.o ABSOLUTE
    ../clib/microlib/init/entry.s            0x00000000   Number         0  entry11a.o ABSOLUTE
    ../clib/microlib/init/entry.s            0x00000000   Number         0  entry10b.o ABSOLUTE
    ../clib/microlib/init/entry.s            0x00000000   Number         0  entry12a.o ABSOLUTE
    ../clib/microlib/init/entry.s            0x00000000   Number         0  entry7a.o ABSOLUTE
    ../clib/microlib/init/entry.s            0x00000000   Number         0  entry9b.o ABSOLUTE
    ../clib/microlib/init/entry.s            0x00000000   Number         0  entry9a.o ABSOLUTE
    ../clib/microlib/init/entry.s            0x00000000   Number         0  entry8b.o ABSOLUTE
    ../clib/microlib/init/entry.s            0x00000000   Number         0  entry8a.o ABSOLUTE
    ../clib/microlib/init/entry.s            0x00000000   Number         0  entry.o ABSOLUTE
    ../clib/microlib/init/entry.s            0x00000000   Number         0  entry7b.o ABSOLUTE
    ../clib/microlib/init/entry.s            0x00000000   Number         0  entry5.o ABSOLUTE
    ../clib/microlib/longlong.c              0x00000000   Number         0  llshl.o ABSOLUTE
    ../clib/microlib/longlong.c              0x00000000   Number         0  llsshr.o ABSOLUTE
    ../clib/microlib/longlong.c              0x00000000   Number         0  llushr.o ABSOLUTE
    ../clib/microlib/stubs.s                 0x00000000   Number         0  iusefp.o ABSOLUTE
    ../fplib/microlib/d2f.c                  0x00000000   Number         0  d2f.o ABSOLUTE
    ../fplib/microlib/f2d.c                  0x00000000   Number         0  f2d.o ABSOLUTE
    ../fplib/microlib/fpadd.c                0x00000000   Number         0  fadd.o ABSOLUTE
    ../fplib/microlib/fpadd.c                0x00000000   Number         0  dadd.o ABSOLUTE
    ../fplib/microlib/fpdiv.c                0x00000000   Number         0  fdiv.o ABSOLUTE
    ../fplib/microlib/fpdiv.c                0x00000000   Number         0  ddiv.o ABSOLUTE
    ../fplib/microlib/fpepilogue.c           0x00000000   Number         0  depilogue.o ABSOLUTE
    ../fplib/microlib/fpepilogue.c           0x00000000   Number         0  fepilogue.o ABSOLUTE
    ../fplib/microlib/fpfix.c                0x00000000   Number         0  ffixi.o ABSOLUTE
    ../fplib/microlib/fpfix.c                0x00000000   Number         0  ffixui.o ABSOLUTE
    ../fplib/microlib/fpfix.c                0x00000000   Number         0  dfixi.o ABSOLUTE
    ../fplib/microlib/fpflt.c                0x00000000   Number         0  dflti.o ABSOLUTE
    ../fplib/microlib/fpflt.c                0x00000000   Number         0  fflti.o ABSOLUTE
    ../fplib/microlib/fpflt.c                0x00000000   Number         0  ffltui.o ABSOLUTE
    ../fplib/microlib/fpflt.c                0x00000000   Number         0  dfltui.o ABSOLUTE
    ../fplib/microlib/fpmul.c                0x00000000   Number         0  fmul.o ABSOLUTE
    ../fplib/microlib/fpmul.c                0x00000000   Number         0  dmul.o ABSOLUTE
    ..\\src\\ADC_DMA.c                       0x00000000   Number         0  adc_dma.o ABSOLUTE
    ..\\src\\GPIO.c                          0x00000000   Number         0  gpio.o ABSOLUTE
    ..\\src\\NVIC_IT_Ext.c                   0x00000000   Number         0  nvic_it_ext.o ABSOLUTE
    ..\\src\\Timer_1234.c                    0x00000000   Number         0  timer_1234.o ABSOLUTE
    ..\\src\\Timer_Systick.c                 0x00000000   Number         0  timer_systick.o ABSOLUTE
    ..\src\ADC_DMA.c                         0x00000000   Number         0  adc_dma.o ABSOLUTE
    ..\src\GPIO.c                            0x00000000   Number         0  gpio.o ABSOLUTE
    ..\src\NVIC_IT_Ext.c                     0x00000000   Number         0  nvic_it_ext.o ABSOLUTE
    ..\src\Timer_1234.c                      0x00000000   Number         0  timer_1234.o ABSOLUTE
    ..\src\Timer_Systick.c                   0x00000000   Number         0  timer_systick.o ABSOLUTE
    Pilotes\\clock.c                         0x00000000   Number         0  clock.o ABSOLUTE
    Pilotes\clock.c                          0x00000000   Number         0  clock.o ABSOLUTE
    RTE\Device\STM32F103RB\startup_stm32f10x_md.s 0x00000000   Number         0  startup_stm32f10x_md.o ABSOLUTE
    RTE\Device\STM32F103RB\system_stm32f10x.c 0x00000000   Number         0  system_stm32f10x.o ABSOLUTE
    RTE\\Device\\STM32F103RB\\system_stm32f10x.c 0x00000000   Number         0  system_stm32f10x.o ABSOLUTE
    Service\ToolBox_NRJ_V4.c                 0x00000000   Number         0  toolbox_nrj_v4.o ABSOLUTE
    Service\\ToolBox_NRJ_V4.c                0x00000000   Number         0  toolbox_nrj_v4.o ABSOLUTE
    cdcmple.s                                0x00000000   Number         0  cdcmple.o ABSOLUTE
    cdrcmple.s                               0x00000000   Number         0  cdrcmple.o ABSOLUTE
    cfcmple.s                                0x00000000   Number         0  cfcmple.o ABSOLUTE
    cfrcmple.s                               0x00000000   Number         0  cfrcmple.o ABSOLUTE
    dc.s                                     0x00000000   Number         0  dc.o ABSOLUTE
    handlers.s                               0x00000000   Number         0  handlers.o ABSOLUTE
    init.s                                   0x00000000   Number         0  init.o ABSOLUTE
    src\Main_User_Speed.c                    0x00000000   Number         0  main_user_speed.o ABSOLUTE
    src\\Main_User_Speed.c                   0x00000000   Number         0  main_user_speed.o ABSOLUTE
    RESET                                    0x08000000   Section      236  startup_stm32f10x_md.o(RESET)
    .ARM.Collect$$$$00000000                 0x080000ec   Section        0  entry.o(.ARM.Collect$$$$00000000)
    .ARM.Collect$$$$00000001                 0x080000ec   Section        4  entry2.o(.ARM.Collect$$$$00000001)
    .ARM.Collect$$$$00000004                 0x080000f0   Section        4  entry5.o(.ARM.Collect$$$$00000004)
    .ARM.Collect$$$$00000008                 0x080000f4   Section        0  entry7b.o(.ARM.Collect$$$$00000008)
    .ARM.Collect$$$$0000000A                 0x080000f4   Section        0  entry8b.o(.ARM.Collect$$$$0000000A)
    .ARM.Collect$$$$0000000B                 0x080000f4   Section        8  entry9a.o(.ARM.Collect$$$$0000000B)
    .ARM.Collect$$$$0000000E                 0x080000fc   Section        4  entry12b.o(.ARM.Collect$$$$0000000E)
    .ARM.Collect$$$$0000000F                 0x08000100   Section        0  entry10a.o(.ARM.Collect$$$$0000000F)
    .ARM.Collect$$$$00000011                 0x08000100   Section        0  entry11a.o(.ARM.Collect$$$$00000011)
    .ARM.Collect$$$$00002712                 0x08000100   Section        4  entry2.o(.ARM.Collect$$$$00002712)
    __lit__00000000                          0x08000100   Data           4  entry2.o(.ARM.Collect$$$$00002712)
    .text                                    0x08000104   Section       36  startup_stm32f10x_md.o(.text)
    .text                                    0x08000128   Section        0  timer_systick.o(.text)
    .text                                    0x08000260   Section        0  gpio.o(.text)
    .text                                    0x080003e0   Section        0  nvic_it_ext.o(.text)
    .text                                    0x080006b4   Section        0  adc_dma.o(.text)
    .text                                    0x08000ddc   Section        0  timer_1234.o(.text)
    .text                                    0x08001f84   Section        0  fadd.o(.text)
    .text                                    0x08002034   Section        0  fmul.o(.text)
    .text                                    0x08002098   Section        0  fdiv.o(.text)
    .text                                    0x08002114   Section        0  dadd.o(.text)
    .text                                    0x08002262   Section        0  dmul.o(.text)
    .text                                    0x08002346   Section        0  ddiv.o(.text)
    .text                                    0x08002424   Section        0  fflti.o(.text)
    .text                                    0x08002436   Section        0  ffltui.o(.text)
    .text                                    0x08002440   Section        0  dflti.o(.text)
    .text                                    0x08002462   Section        0  dfltui.o(.text)
    .text                                    0x0800247c   Section        0  ffixi.o(.text)
    .text                                    0x080024ae   Section        0  ffixui.o(.text)
    .text                                    0x080024d6   Section        0  dfixi.o(.text)
    .text                                    0x08002514   Section        0  f2d.o(.text)
    .text                                    0x0800253c   Section       48  cdcmple.o(.text)
    .text                                    0x0800256c   Section       48  cdrcmple.o(.text)
    .text                                    0x0800259c   Section        0  d2f.o(.text)
    .text                                    0x080025d4   Section       20  cfcmple.o(.text)
    .text                                    0x080025e8   Section       20  cfrcmple.o(.text)
    .text                                    0x080025fc   Section        0  llshl.o(.text)
    .text                                    0x0800261a   Section        0  llushr.o(.text)
    .text                                    0x0800263a   Section        0  llsshr.o(.text)
    .text                                    0x0800265e   Section        0  iusefp.o(.text)
    .text                                    0x0800265e   Section        0  fepilogue.o(.text)
    .text                                    0x080026cc   Section        0  depilogue.o(.text)
    .text                                    0x08002788   Section       36  init.o(.text)
    .text                                    0x080027ac   Section        0  __dczerorl.o(.text)
    i.Active_Voie_PWM                        0x080027e8   Section        0  toolbox_nrj_v4.o(i.Active_Voie_PWM)
    i.CLOCK_Configure                        0x080028c0   Section        0  clock.o(i.CLOCK_Configure)
    i.CLOCK_GetADCCLK                        0x08002960   Section        0  clock.o(i.CLOCK_GetADCCLK)
    i.CLOCK_GetHCLK                          0x08002968   Section        0  clock.o(i.CLOCK_GetHCLK)
    i.CLOCK_GetTIMCLK                        0x08002970   Section        0  clock.o(i.CLOCK_GetTIMCLK)
    i.CLOCK_HPRECompute                      0x08002994   Section        0  clock.o(i.CLOCK_HPRECompute)
    CLOCK_HPRECompute                        0x08002995   Thumb Code   120  clock.o(i.CLOCK_HPRECompute)
    i.Conf_ADC                               0x08002a0c   Section        0  toolbox_nrj_v4.o(i.Conf_ADC)
    i.Conf_Generale_IO_Carte                 0x08002a24   Section        0  toolbox_nrj_v4.o(i.Conf_Generale_IO_Carte)
    i.Conf_IT_Principale_Systick             0x08002b5c   Section        0  toolbox_nrj_v4.o(i.Conf_IT_Principale_Systick)
    i.Entree_10V                             0x08002b8c   Section        0  toolbox_nrj_v4.o(i.Entree_10V)
    i.Entree_3V3                             0x08002be0   Section        0  toolbox_nrj_v4.o(i.Entree_3V3)
    i.I1                                     0x08002c34   Section        0  toolbox_nrj_v4.o(i.I1)
    i.IT_Principale                          0x08002c88   Section        0  main_user_speed.o(i.IT_Principale)
    i.Inv_Voie                               0x08002fc0   Section        0  toolbox_nrj_v4.o(i.Inv_Voie)
    i.SetSysClock                            0x08003008   Section        0  system_stm32f10x.o(i.SetSysClock)
    SetSysClock                              0x08003009   Thumb Code     8  system_stm32f10x.o(i.SetSysClock)
    i.SetSysClockTo72                        0x08003010   Section        0  system_stm32f10x.o(i.SetSysClockTo72)
    SetSysClockTo72                          0x08003011   Thumb Code   214  system_stm32f10x.o(i.SetSysClockTo72)
    i.SystemInit                             0x080030f0   Section        0  system_stm32f10x.o(i.SystemInit)
    i.Triangle                               0x08003150   Section        0  toolbox_nrj_v4.o(i.Triangle)
    i.Trouver_tau                            0x080031a4   Section        0  main_user_speed.o(i.Trouver_tau)
    i.__scatterload_copy                     0x0800343c   Section       14  handlers.o(i.__scatterload_copy)
    i.__scatterload_null                     0x0800344a   Section        2  handlers.o(i.__scatterload_null)
    i.__scatterload_zeroinit                 0x0800344c   Section       14  handlers.o(i.__scatterload_zeroinit)
    i.main                                   0x0800345c   Section        0  main_user_speed.o(i.main)
    .data                                    0x20000000   Section      140  main_user_speed.o(.data)
    .data                                    0x2000008c   Section        6  toolbox_nrj_v4.o(.data)
    .data                                    0x20000094   Section        4  timer_systick.o(.data)
    Ptr_Systick                              0x20000094   Data           4  timer_systick.o(.data)
    .data                                    0x20000098   Section       28  nvic_it_ext.o(.data)
    Ptr_EXTI0                                0x20000098   Data           4  nvic_it_ext.o(.data)
    Ptr_EXTI1                                0x2000009c   Data           4  nvic_it_ext.o(.data)
    Ptr_EXTI2                                0x200000a0   Data           4  nvic_it_ext.o(.data)
    Ptr_EXTI3                                0x200000a4   Data           4  nvic_it_ext.o(.data)
    Ptr_EXTI4                                0x200000a8   Data           4  nvic_it_ext.o(.data)
    Ptr_EXTI9_5                              0x200000ac   Data           4  nvic_it_ext.o(.data)
    Ptr_EXTI15_10                            0x200000b0   Data           4  nvic_it_ext.o(.data)
    .data                                    0x200000b4   Section       12  adc_dma.o(.data)
    Ptr_ADC1                                 0x200000b4   Data           4  adc_dma.o(.data)
    Ptr_ADC2                                 0x200000b8   Data           4  adc_dma.o(.data)
    Ptr_DMA1                                 0x200000bc   Data           4  adc_dma.o(.data)
    .data                                    0x200000c0   Section      160  timer_1234.o(.data)
    Ptr_TIM1                                 0x200000c0   Data           4  timer_1234.o(.data)
    Ptr_TIM2                                 0x200000c4   Data           4  timer_1234.o(.data)
    Ptr_TIM3                                 0x200000c8   Data           4  timer_1234.o(.data)
    Ptr_TIM4                                 0x200000cc   Data           4  timer_1234.o(.data)
    Ptr_TIM1_Voie1                           0x200000e0   Data           4  timer_1234.o(.data)
    Ptr_TIM1_Voie2                           0x200000e4   Data           4  timer_1234.o(.data)
    Ptr_TIM1_Voie3                           0x200000e8   Data           4  timer_1234.o(.data)
    Ptr_TIM1_Voie4                           0x200000ec   Data           4  timer_1234.o(.data)
    Ptr_TIM2_Voie1                           0x200000f0   Data           4  timer_1234.o(.data)
    Ptr_TIM2_Voie2                           0x200000f4   Data           4  timer_1234.o(.data)
    Ptr_TIM2_Voie3                           0x200000f8   Data           4  timer_1234.o(.data)
    Ptr_TIM2_Voie4                           0x200000fc   Data           4  timer_1234.o(.data)
    Ptr_TIM3_Voie1                           0x20000100   Data           4  timer_1234.o(.data)
    Ptr_TIM3_Voie2                           0x20000104   Data           4  timer_1234.o(.data)
    Ptr_TIM3_Voie3                           0x20000108   Data           4  timer_1234.o(.data)
    Ptr_TIM3_Voie4                           0x2000010c   Data           4  timer_1234.o(.data)
    Ptr_TIM4_Voie1                           0x20000110   Data           4  timer_1234.o(.data)
    Ptr_TIM4_Voie2                           0x20000114   Data           4  timer_1234.o(.data)
    Ptr_TIM4_Voie3                           0x20000118   Data           4  timer_1234.o(.data)
    Ptr_TIM4_Voie4                           0x2000011c   Data           4  timer_1234.o(.data)
    Duree_Pulse_T1                           0x20000120   Data           8  timer_1234.o(.data)
    Duree_Pulse_T2                           0x20000128   Data           8  timer_1234.o(.data)
    Duree_Pulse_T3                           0x20000130   Data           8  timer_1234.o(.data)
    Duree_Pulse_T4                           0x20000138   Data           8  timer_1234.o(.data)
    Date_T1                                  0x20000140   Data           8  timer_1234.o(.data)
    Date_T2                                  0x20000148   Data           8  timer_1234.o(.data)
    Date_T3                                  0x20000150   Data           8  timer_1234.o(.data)
    Date_T4                                  0x20000158   Data           8  timer_1234.o(.data)
    .bss                                     0x20000160   Section      400  main_user_speed.o(.bss)
    .bss                                     0x200002f0   Section       32  adc_dma.o(.bss)
    STACK                                    0x20000310   Section     1024  startup_stm32f10x_md.o(STACK)

    Global Symbols

    Symbol Name                              Value     Ov Type        Size  Object(Section)

    BuildAttributes$$THM_ISAv4$P$D$K$B$S$PE$A:L22UL41UL21$X:L11$S22US41US21$IEEE1$IW$USESV6$~STKCKD$USESV7$~SHL$OTIME$ROPI$EBA8$MICROLIB$REQ8$PRES8$EABIv2 0x00000000   Number         0  anon$$obj.o ABSOLUTE
    __ARM_use_no_argv                        0x00000000   Number         0  main_user_speed.o ABSOLUTE
    __arm_fini_                               - Undefined Weak Reference
    __cpp_initialize__aeabi_                  - Undefined Weak Reference
    __cxa_finalize                            - Undefined Weak Reference
    _clock_init                               - Undefined Weak Reference
    _microlib_exit                            - Undefined Weak Reference
    __Vectors_Size                           0x000000ec   Number         0  startup_stm32f10x_md.o ABSOLUTE
    __Vectors                                0x08000000   Data           4  startup_stm32f10x_md.o(RESET)
    __Vectors_End                            0x080000ec   Data           0  startup_stm32f10x_md.o(RESET)
    __main                                   0x080000ed   Thumb Code     0  entry.o(.ARM.Collect$$$$00000000)
    _main_stk                                0x080000ed   Thumb Code     0  entry2.o(.ARM.Collect$$$$00000001)
    _main_scatterload                        0x080000f1   Thumb Code     0  entry5.o(.ARM.Collect$$$$00000004)
    __main_after_scatterload                 0x080000f5   Thumb Code     0  entry5.o(.ARM.Collect$$$$00000004)
    _main_clock                              0x080000f5   Thumb Code     0  entry7b.o(.ARM.Collect$$$$00000008)
    _main_cpp_init                           0x080000f5   Thumb Code     0  entry8b.o(.ARM.Collect$$$$0000000A)
    _main_init                               0x080000f5   Thumb Code     0  entry9a.o(.ARM.Collect$$$$0000000B)
    __rt_lib_shutdown_fini                   0x080000fd   Thumb Code     0  entry12b.o(.ARM.Collect$$$$0000000E)
    __rt_final_cpp                           0x08000101   Thumb Code     0  entry10a.o(.ARM.Collect$$$$0000000F)
    __rt_final_exit                          0x08000101   Thumb Code     0  entry11a.o(.ARM.Collect$$$$00000011)
    Reset_Handler                            0x08000105   Thumb Code     8  startup_stm32f10x_md.o(.text)
    NMI_Handler                              0x0800010d   Thumb Code     2  startup_stm32f10x_md.o(.text)
    HardFault_Handler                        0x0800010f   Thumb Code     2  startup_stm32f10x_md.o(.text)
    MemManage_Handler                        0x08000111   Thumb Code     2  startup_stm32f10x_md.o(.text)
    BusFault_Handler                         0x08000113   Thumb Code     2  startup_stm32f10x_md.o(.text)
    UsageFault_Handler                       0x08000115   Thumb Code     2  startup_stm32f10x_md.o(.text)
    SVC_Handler                              0x08000117   Thumb Code     2  startup_stm32f10x_md.o(.text)
    DebugMon_Handler                         0x08000119   Thumb Code     2  startup_stm32f10x_md.o(.text)
    PendSV_Handler                           0x0800011b   Thumb Code     2  startup_stm32f10x_md.o(.text)
    ADC1_2_IRQHandler                        0x0800011f   Thumb Code     0  startup_stm32f10x_md.o(.text)
    CAN1_RX1_IRQHandler                      0x0800011f   Thumb Code     0  startup_stm32f10x_md.o(.text)
    CAN1_SCE_IRQHandler                      0x0800011f   Thumb Code     0  startup_stm32f10x_md.o(.text)
    DMA1_Channel1_IRQHandler                 0x0800011f   Thumb Code     0  startup_stm32f10x_md.o(.text)
    DMA1_Channel2_IRQHandler                 0x0800011f   Thumb Code     0  startup_stm32f10x_md.o(.text)
    DMA1_Channel3_IRQHandler                 0x0800011f   Thumb Code     0  startup_stm32f10x_md.o(.text)
    DMA1_Channel4_IRQHandler                 0x0800011f   Thumb Code     0  startup_stm32f10x_md.o(.text)
    DMA1_Channel5_IRQHandler                 0x0800011f   Thumb Code     0  startup_stm32f10x_md.o(.text)
    DMA1_Channel6_IRQHandler                 0x0800011f   Thumb Code     0  startup_stm32f10x_md.o(.text)
    DMA1_Channel7_IRQHandler                 0x0800011f   Thumb Code     0  startup_stm32f10x_md.o(.text)
    FLASH_IRQHandler                         0x0800011f   Thumb Code     0  startup_stm32f10x_md.o(.text)
    I2C1_ER_IRQHandler                       0x0800011f   Thumb Code     0  startup_stm32f10x_md.o(.text)
    I2C1_EV_IRQHandler                       0x0800011f   Thumb Code     0  startup_stm32f10x_md.o(.text)
    I2C2_ER_IRQHandler                       0x0800011f   Thumb Code     0  startup_stm32f10x_md.o(.text)
    I2C2_EV_IRQHandler                       0x0800011f   Thumb Code     0  startup_stm32f10x_md.o(.text)
    PVD_IRQHandler                           0x0800011f   Thumb Code     0  startup_stm32f10x_md.o(.text)
    RCC_IRQHandler                           0x0800011f   Thumb Code     0  startup_stm32f10x_md.o(.text)
    RTCAlarm_IRQHandler                      0x0800011f   Thumb Code     0  startup_stm32f10x_md.o(.text)
    RTC_IRQHandler                           0x0800011f   Thumb Code     0  startup_stm32f10x_md.o(.text)
    SPI1_IRQHandler                          0x0800011f   Thumb Code     0  startup_stm32f10x_md.o(.text)
    SPI2_IRQHandler                          0x0800011f   Thumb Code     0  startup_stm32f10x_md.o(.text)
    TAMPER_IRQHandler                        0x0800011f   Thumb Code     0  startup_stm32f10x_md.o(.text)
    TIM1_BRK_IRQHandler                      0x0800011f   Thumb Code     0  startup_stm32f10x_md.o(.text)
    TIM1_TRG_COM_IRQHandler                  0x0800011f   Thumb Code     0  startup_stm32f10x_md.o(.text)
    USART1_IRQHandler                        0x0800011f   Thumb Code     0  startup_stm32f10x_md.o(.text)
    USART2_IRQHandler                        0x0800011f   Thumb Code     0  startup_stm32f10x_md.o(.text)
    USART3_IRQHandler                        0x0800011f   Thumb Code     0  startup_stm32f10x_md.o(.text)
    USBWakeUp_IRQHandler                     0x0800011f   Thumb Code     0  startup_stm32f10x_md.o(.text)
    USB_HP_CAN1_TX_IRQHandler                0x0800011f   Thumb Code     0  startup_stm32f10x_md.o(.text)
    USB_LP_CAN1_RX0_IRQHandler               0x0800011f   Thumb Code     0  startup_stm32f10x_md.o(.text)
    WWDG_IRQHandler                          0x0800011f   Thumb Code     0  startup_stm32f10x_md.o(.text)
    Systick_Prio_IT                          0x08000129   Thumb Code    14  timer_systick.o(.text)
    Systick_Period                           0x08000137   Thumb Code   266  timer_systick.o(.text)
    SysTick_Handler                          0x08000241   Thumb Code    10  timer_systick.o(.text)
    GPIO_Configure                           0x08000261   Thumb Code   358  gpio.o(.text)
    NVIC_Enable_IT                           0x080003e1   Thumb Code    46  nvic_it_ext.o(.text)
    NVIC_Disable_IT                          0x0800040f   Thumb Code    48  nvic_it_ext.o(.text)
    NVIC_Prio_IT                             0x0800043f   Thumb Code    10  nvic_it_ext.o(.text)
    NVIC_Ext_IT                              0x08000449   Thumb Code   408  nvic_it_ext.o(.text)
    EXTI0_IRQHandler                         0x080005e1   Thumb Code    26  nvic_it_ext.o(.text)
    EXTI1_IRQHandler                         0x080005fb   Thumb Code    26  nvic_it_ext.o(.text)
    EXTI2_IRQHandler                         0x08000615   Thumb Code    26  nvic_it_ext.o(.text)
    EXTI3_IRQHandler                         0x0800062f   Thumb Code    26  nvic_it_ext.o(.text)
    EXTI4_IRQHandler                         0x08000649   Thumb Code    26  nvic_it_ext.o(.text)
    EXTI9_5_IRQHandler                       0x08000663   Thumb Code    10  nvic_it_ext.o(.text)
    EXTI15_10_IRQHandler                     0x0800066d   Thumb Code    10  nvic_it_ext.o(.text)
    Init_TimingADC_ActiveADC                 0x080006b5   Thumb Code   456  adc_dma.o(.text)
    Single_Channel_ADC                       0x0800087d   Thumb Code    16  adc_dma.o(.text)
    Init_Conversion_On_Trig_Timer            0x0800088d   Thumb Code   124  adc_dma.o(.text)
    Init_IT_ADC_EOC                          0x08000909   Thumb Code    48  adc_dma.o(.text)
    ADC_IRQHandler                           0x08000939   Thumb Code    64  adc_dma.o(.text)
    Init_IT_End_Of_DMA1                      0x08000979   Thumb Code    36  adc_dma.o(.text)
    DMAChannel1_IRQHandler                   0x0800099d   Thumb Code    22  adc_dma.o(.text)
    Init_ADC1_DMA1                           0x080009b3   Thumb Code    76  adc_dma.o(.text)
    Start_DMA1                               0x080009ff   Thumb Code    26  adc_dma.o(.text)
    Wait_On_EOC_ADC                          0x08000a19   Thumb Code    26  adc_dma.o(.text)
    Wait_On_End_Of_DMA1                      0x08000a33   Thumb Code    28  adc_dma.o(.text)
    Init_ADC1_DMA_Mult_Chan                  0x08000a4f   Thumb Code   820  adc_dma.o(.text)
    ADC_Lire_DMA                             0x08000d83   Thumb Code    10  adc_dma.o(.text)
    Timer_1234_Init                          0x08000ddd   Thumb Code   330  timer_1234.o(.text)
    Active_IT_Debordement_Timer              0x08000f27   Thumb Code   232  timer_1234.o(.text)
    Active_IT_Compare_Timer                  0x0800100f   Thumb Code   752  timer_1234.o(.text)
    PWM_Init                                 0x080012ff   Thumb Code   278  timer_1234.o(.text)
    PWM_Complementaire_Timer1                0x08001415   Thumb Code    60  timer_1234.o(.text)
    Timer_Inc_Init                           0x08001451   Thumb Code   180  timer_1234.o(.text)
    Capture_Init                             0x08001505   Thumb Code   662  timer_1234.o(.text)
    TIM1_CC_IRQHandler                       0x0800179b   Thumb Code   386  timer_1234.o(.text)
    TIM1_UP_IRQHandler                       0x0800191d   Thumb Code    22  timer_1234.o(.text)
    TIM2_IRQHandler                          0x08001933   Thumb Code   554  timer_1234.o(.text)
    TIM3_IRQHandler                          0x08001b5d   Thumb Code   428  timer_1234.o(.text)
    TIM4_IRQHandler                          0x08001d09   Thumb Code   428  timer_1234.o(.text)
    Lire_Duree_Pulse                         0x08001eb5   Thumb Code   208  timer_1234.o(.text)
    __aeabi_fadd                             0x08001f85   Thumb Code   164  fadd.o(.text)
    __aeabi_fsub                             0x08002029   Thumb Code     6  fadd.o(.text)
    __aeabi_frsub                            0x0800202f   Thumb Code     6  fadd.o(.text)
    __aeabi_fmul                             0x08002035   Thumb Code   100  fmul.o(.text)
    __aeabi_fdiv                             0x08002099   Thumb Code   124  fdiv.o(.text)
    __aeabi_dadd                             0x08002115   Thumb Code   322  dadd.o(.text)
    __aeabi_dsub                             0x08002257   Thumb Code     6  dadd.o(.text)
    __aeabi_drsub                            0x0800225d   Thumb Code     6  dadd.o(.text)
    __aeabi_dmul                             0x08002263   Thumb Code   228  dmul.o(.text)
    __aeabi_ddiv                             0x08002347   Thumb Code   222  ddiv.o(.text)
    __aeabi_i2f                              0x08002425   Thumb Code    18  fflti.o(.text)
    __aeabi_ui2f                             0x08002437   Thumb Code    10  ffltui.o(.text)
    __aeabi_i2d                              0x08002441   Thumb Code    34  dflti.o(.text)
    __aeabi_ui2d                             0x08002463   Thumb Code    26  dfltui.o(.text)
    __aeabi_f2iz                             0x0800247d   Thumb Code    50  ffixi.o(.text)
    __aeabi_f2uiz                            0x080024af   Thumb Code    40  ffixui.o(.text)
    __aeabi_d2iz                             0x080024d7   Thumb Code    62  dfixi.o(.text)
    __aeabi_f2d                              0x08002515   Thumb Code    38  f2d.o(.text)
    __aeabi_cdcmpeq                          0x0800253d   Thumb Code     0  cdcmple.o(.text)
    __aeabi_cdcmple                          0x0800253d   Thumb Code    48  cdcmple.o(.text)
    __aeabi_cdrcmple                         0x0800256d   Thumb Code    48  cdrcmple.o(.text)
    __aeabi_d2f                              0x0800259d   Thumb Code    56  d2f.o(.text)
    __aeabi_cfcmpeq                          0x080025d5   Thumb Code     0  cfcmple.o(.text)
    __aeabi_cfcmple                          0x080025d5   Thumb Code    20  cfcmple.o(.text)
    __aeabi_cfrcmple                         0x080025e9   Thumb Code    20  cfrcmple.o(.text)
    __aeabi_llsl                             0x080025fd   Thumb Code    30  llshl.o(.text)
    _ll_shift_l                              0x080025fd   Thumb Code     0  llshl.o(.text)
    __aeabi_llsr                             0x0800261b   Thumb Code    32  llushr.o(.text)
    _ll_ushift_r                             0x0800261b   Thumb Code     0  llushr.o(.text)
    __aeabi_lasr                             0x0800263b   Thumb Code    36  llsshr.o(.text)
    _ll_sshift_r                             0x0800263b   Thumb Code     0  llsshr.o(.text)
    __I$use$fp                               0x0800265f   Thumb Code     0  iusefp.o(.text)
    _float_round                             0x0800265f   Thumb Code    18  fepilogue.o(.text)
    _float_epilogue                          0x08002671   Thumb Code    92  fepilogue.o(.text)
    _double_round                            0x080026cd   Thumb Code    30  depilogue.o(.text)
    _double_epilogue                         0x080026eb   Thumb Code   156  depilogue.o(.text)
    __scatterload                            0x08002789   Thumb Code    28  init.o(.text)
    __scatterload_rt2                        0x08002789   Thumb Code     0  init.o(.text)
    __decompress                             0x080027ad   Thumb Code     0  __dczerorl.o(.text)
    __decompress0                            0x080027ad   Thumb Code    58  __dczerorl.o(.text)
    Active_Voie_PWM                          0x080027e9   Thumb Code   206  toolbox_nrj_v4.o(i.Active_Voie_PWM)
    CLOCK_Configure                          0x080028c1   Thumb Code   148  clock.o(i.CLOCK_Configure)
    CLOCK_GetADCCLK                          0x08002961   Thumb Code     4  clock.o(i.CLOCK_GetADCCLK)
    CLOCK_GetHCLK                            0x08002969   Thumb Code     4  clock.o(i.CLOCK_GetHCLK)
    CLOCK_GetTIMCLK                          0x08002971   Thumb Code    22  clock.o(i.CLOCK_GetTIMCLK)
    Conf_ADC                                 0x08002a0d   Thumb Code    20  toolbox_nrj_v4.o(i.Conf_ADC)
    Conf_Generale_IO_Carte                   0x08002a25   Thumb Code   300  toolbox_nrj_v4.o(i.Conf_Generale_IO_Carte)
    Conf_IT_Principale_Systick               0x08002b5d   Thumb Code    48  toolbox_nrj_v4.o(i.Conf_IT_Principale_Systick)
    Entree_10V                               0x08002b8d   Thumb Code    78  toolbox_nrj_v4.o(i.Entree_10V)
    Entree_3V3                               0x08002be1   Thumb Code    78  toolbox_nrj_v4.o(i.Entree_3V3)
    I1                                       0x08002c35   Thumb Code    78  toolbox_nrj_v4.o(i.I1)
    IT_Principale                            0x08002c89   Thumb Code   672  main_user_speed.o(i.IT_Principale)
    Inv_Voie                                 0x08002fc1   Thumb Code    62  toolbox_nrj_v4.o(i.Inv_Voie)
    SystemInit                               0x080030f1   Thumb Code    78  system_stm32f10x.o(i.SystemInit)
    Triangle                                 0x08003151   Thumb Code    74  toolbox_nrj_v4.o(i.Triangle)
    Trouver_tau                              0x080031a5   Thumb Code   572  main_user_speed.o(i.Trouver_tau)
    __scatterload_copy                       0x0800343d   Thumb Code    14  handlers.o(i.__scatterload_copy)
    __scatterload_null                       0x0800344b   Thumb Code     2  handlers.o(i.__scatterload_null)
    __scatterload_zeroinit                   0x0800344d   Thumb Code    14  handlers.o(i.__scatterload_zeroinit)
    main                                     0x0800345d   Thumb Code   122  main_user_speed.o(i.main)
    Region$$Table$$Base                      0x080034fc   Number         0  anon$$obj.o(Region$$Table)
    Region$$Table$$Limit                     0x0800351c   Number         0  anon$$obj.o(Region$$Table)
    Te_us                                    0x20000000   Data           4  main_user_speed.o(.data)
    ti                                       0x20000004   Data           4  main_user_speed.o(.data)
    t1                                       0x20000008   Data           4  main_user_speed.o(.data)
    ti_s                                     0x2000000c   Data           4  main_user_speed.o(.data)
    t_s                                      0x20000010   Data           4  main_user_speed.o(.data)
    Te_s                                     0x20000014   Data           4  main_user_speed.o(.data)
    cnt_s                                    0x20000018   Data           4  main_user_speed.o(.data)
    tau_trouve                               0x2000001c   Data           1  main_user_speed.o(.data)
    val_tau                                  0x20000020   Data           4  main_user_speed.o(.data)
    m                                        0x20000024   Data           4  main_user_speed.o(.data)
    n                                        0x20000028   Data           4  main_user_speed.o(.data)
    i                                        0x2000002c   Data           4  main_user_speed.o(.data)
    j                                        0x20000030   Data           4  main_user_speed.o(.data)
    r_cyc                                    0x20000034   Data           4  main_user_speed.o(.data)
    a0                                       0x20000038   Data           4  main_user_speed.o(.data)
    a1                                       0x2000003c   Data           4  main_user_speed.o(.data)
    a0_s                                     0x20000040   Data           4  main_user_speed.o(.data)
    a1_s                                     0x20000044   Data           4  main_user_speed.o(.data)
    Courant_1                                0x20000048   Data           4  main_user_speed.o(.data)
    Cons_In                                  0x2000004c   Data           4  main_user_speed.o(.data)
    Pot_In                                   0x20000050   Data           4  main_user_speed.o(.data)
    I1_val                                   0x20000054   Data           4  main_user_speed.o(.data)
    Vin_val                                  0x20000058   Data           4  main_user_speed.o(.data)
    epsilon                                  0x2000005c   Data           4  main_user_speed.o(.data)
    out                                      0x20000060   Data           4  main_user_speed.o(.data)
    out_sat                                  0x20000064   Data           4  main_user_speed.o(.data)
    uk_prev                                  0x20000068   Data           4  main_user_speed.o(.data)
    yk_prev                                  0x2000006c   Data           4  main_user_speed.o(.data)
    V1_val                                   0x20000070   Data           4  main_user_speed.o(.data)
    Speed_val                                0x20000074   Data           4  main_user_speed.o(.data)
    epsilon_s                                0x20000078   Data           4  main_user_speed.o(.data)
    out_s                                    0x2000007c   Data           4  main_user_speed.o(.data)
    uk_prev_s                                0x20000080   Data           4  main_user_speed.o(.data)
    yk_prev_s                                0x20000084   Data           4  main_user_speed.o(.data)
    out_s_sat                                0x20000088   Data           4  main_user_speed.o(.data)
    Resolution                               0x2000008c   Data           2  toolbox_nrj_v4.o(.data)
    Resolution_1                             0x2000008e   Data           2  toolbox_nrj_v4.o(.data)
    Resolution_2_3                           0x20000090   Data           2  toolbox_nrj_v4.o(.data)
    Enable_Fct_IT_Compare_Match_TIM1_Voie1   0x200000d0   Data           1  timer_1234.o(.data)
    Enable_Fct_IT_Compare_Match_TIM1_Voie2   0x200000d1   Data           1  timer_1234.o(.data)
    Enable_Fct_IT_Compare_Match_TIM1_Voie3   0x200000d2   Data           1  timer_1234.o(.data)
    Enable_Fct_IT_Compare_Match_TIM1_Voie4   0x200000d3   Data           1  timer_1234.o(.data)
    Enable_Fct_IT_Compare_Match_TIM2_Voie1   0x200000d4   Data           1  timer_1234.o(.data)
    Enable_Fct_IT_Compare_Match_TIM2_Voie2   0x200000d5   Data           1  timer_1234.o(.data)
    Enable_Fct_IT_Compare_Match_TIM2_Voie3   0x200000d6   Data           1  timer_1234.o(.data)
    Enable_Fct_IT_Compare_Match_TIM2_Voie4   0x200000d7   Data           1  timer_1234.o(.data)
    Enable_Fct_IT_Compare_Match_TIM3_Voie1   0x200000d8   Data           1  timer_1234.o(.data)
    Enable_Fct_IT_Compare_Match_TIM3_Voie2   0x200000d9   Data           1  timer_1234.o(.data)
    Enable_Fct_IT_Compare_Match_TIM3_Voie3   0x200000da   Data           1  timer_1234.o(.data)
    Enable_Fct_IT_Compare_Match_TIM3_Voie4   0x200000db   Data           1  timer_1234.o(.data)
    Enable_Fct_IT_Compare_Match_TIM4_Voie1   0x200000dc   Data           1  timer_1234.o(.data)
    Enable_Fct_IT_Compare_Match_TIM4_Voie2   0x200000dd   Data           1  timer_1234.o(.data)
    Enable_Fct_IT_Compare_Match_TIM4_Voie3   0x200000de   Data           1  timer_1234.o(.data)
    Enable_Fct_IT_Compare_Match_TIM4_Voie4   0x200000df   Data           1  timer_1234.o(.data)
    samples                                  0x20000160   Data         400  main_user_speed.o(.bss)
    Tab_Resu_ADC                             0x200002f0   Data          32  adc_dma.o(.bss)
    __initial_sp                             0x20000710   Data           0  startup_stm32f10x_md.o(STACK)



==============================================================================

Memory Map of the image

  Image Entry point : 0x080000ed

  Load Region LR_IROM1 (Base: 0x08000000, Size: 0x0000367c, Max: 0x00020000, ABSOLUTE, COMPRESSED[0x00003534])

    Execution Region ER_IROM1 (Exec base: 0x08000000, Load base: 0x08000000, Size: 0x0000351c, Max: 0x00020000, ABSOLUTE)

    Exec Addr    Load Addr    Size         Type   Attr      Idx    E Section Name        Object

    0x08000000   0x08000000   0x000000ec   Data   RO          325    RESET               startup_stm32f10x_md.o
    0x080000ec   0x080000ec   0x00000000   Code   RO          522  * .ARM.Collect$$$$00000000  mc_w.l(entry.o)
    0x080000ec   0x080000ec   0x00000004   Code   RO          563    .ARM.Collect$$$$00000001  mc_w.l(entry2.o)
    0x080000f0   0x080000f0   0x00000004   Code   RO          566    .ARM.Collect$$$$00000004  mc_w.l(entry5.o)
    0x080000f4   0x080000f4   0x00000000   Code   RO          568    .ARM.Collect$$$$00000008  mc_w.l(entry7b.o)
    0x080000f4   0x080000f4   0x00000000   Code   RO          570    .ARM.Collect$$$$0000000A  mc_w.l(entry8b.o)
    0x080000f4   0x080000f4   0x00000008   Code   RO          571    .ARM.Collect$$$$0000000B  mc_w.l(entry9a.o)
    0x080000fc   0x080000fc   0x00000004   Code   RO          578    .ARM.Collect$$$$0000000E  mc_w.l(entry12b.o)
    0x08000100   0x08000100   0x00000000   Code   RO          573    .ARM.Collect$$$$0000000F  mc_w.l(entry10a.o)
    0x08000100   0x08000100   0x00000000   Code   RO          575    .ARM.Collect$$$$00000011  mc_w.l(entry11a.o)
    0x08000100   0x08000100   0x00000004   Code   RO          564    .ARM.Collect$$$$00002712  mc_w.l(entry2.o)
    0x08000104   0x08000104   0x00000024   Code   RO          326    .text               startup_stm32f10x_md.o
    0x08000128   0x08000128   0x00000138   Code   RO          378    .text               Drivers_STM32F103_107_2021b.lib(timer_systick.o)
    0x08000260   0x08000260   0x00000180   Code   RO          423    .text               Drivers_STM32F103_107_2021b.lib(gpio.o)
    0x080003e0   0x080003e0   0x000002d4   Code   RO          446    .text               Drivers_STM32F103_107_2021b.lib(nvic_it_ext.o)
    0x080006b4   0x080006b4   0x00000728   Code   RO          471    .text               Drivers_STM32F103_107_2021b.lib(adc_dma.o)
    0x08000ddc   0x08000ddc   0x000011a8   Code   RO          501    .text               Drivers_STM32F103_107_2021b.lib(timer_1234.o)
    0x08001f84   0x08001f84   0x000000b0   Code   RO          525    .text               mf_w.l(fadd.o)
    0x08002034   0x08002034   0x00000064   Code   RO          527    .text               mf_w.l(fmul.o)
    0x08002098   0x08002098   0x0000007c   Code   RO          529    .text               mf_w.l(fdiv.o)
    0x08002114   0x08002114   0x0000014e   Code   RO          531    .text               mf_w.l(dadd.o)
    0x08002262   0x08002262   0x000000e4   Code   RO          533    .text               mf_w.l(dmul.o)
    0x08002346   0x08002346   0x000000de   Code   RO          535    .text               mf_w.l(ddiv.o)
    0x08002424   0x08002424   0x00000012   Code   RO          537    .text               mf_w.l(fflti.o)
    0x08002436   0x08002436   0x0000000a   Code   RO          539    .text               mf_w.l(ffltui.o)
    0x08002440   0x08002440   0x00000022   Code   RO          541    .text               mf_w.l(dflti.o)
    0x08002462   0x08002462   0x0000001a   Code   RO          543    .text               mf_w.l(dfltui.o)
    0x0800247c   0x0800247c   0x00000032   Code   RO          545    .text               mf_w.l(ffixi.o)
    0x080024ae   0x080024ae   0x00000028   Code   RO          547    .text               mf_w.l(ffixui.o)
    0x080024d6   0x080024d6   0x0000003e   Code   RO          549    .text               mf_w.l(dfixi.o)
    0x08002514   0x08002514   0x00000026   Code   RO          551    .text               mf_w.l(f2d.o)
    0x0800253a   0x0800253a   0x00000002   PAD
    0x0800253c   0x0800253c   0x00000030   Code   RO          553    .text               mf_w.l(cdcmple.o)
    0x0800256c   0x0800256c   0x00000030   Code   RO          555    .text               mf_w.l(cdrcmple.o)
    0x0800259c   0x0800259c   0x00000038   Code   RO          557    .text               mf_w.l(d2f.o)
    0x080025d4   0x080025d4   0x00000014   Code   RO          559    .text               mf_w.l(cfcmple.o)
    0x080025e8   0x080025e8   0x00000014   Code   RO          561    .text               mf_w.l(cfrcmple.o)
    0x080025fc   0x080025fc   0x0000001e   Code   RO          579    .text               mc_w.l(llshl.o)
    0x0800261a   0x0800261a   0x00000020   Code   RO          581    .text               mc_w.l(llushr.o)
    0x0800263a   0x0800263a   0x00000024   Code   RO          583    .text               mc_w.l(llsshr.o)
    0x0800265e   0x0800265e   0x00000000   Code   RO          585    .text               mc_w.l(iusefp.o)
    0x0800265e   0x0800265e   0x0000006e   Code   RO          586    .text               mf_w.l(fepilogue.o)
    0x080026cc   0x080026cc   0x000000ba   Code   RO          588    .text               mf_w.l(depilogue.o)
    0x08002786   0x08002786   0x00000002   PAD
    0x08002788   0x08002788   0x00000024   Code   RO          590    .text               mc_w.l(init.o)
    0x080027ac   0x080027ac   0x0000003a   Code   RO          600    .text               mc_w.l(__dczerorl.o)
    0x080027e6   0x080027e6   0x00000002   PAD
    0x080027e8   0x080027e8   0x000000d8   Code   RO           81    i.Active_Voie_PWM   toolbox_nrj_v4.o
    0x080028c0   0x080028c0   0x000000a0   Code   RO          261    i.CLOCK_Configure   clock.o
    0x08002960   0x08002960   0x00000008   Code   RO          262    i.CLOCK_GetADCCLK   clock.o
    0x08002968   0x08002968   0x00000008   Code   RO          263    i.CLOCK_GetHCLK     clock.o
    0x08002970   0x08002970   0x00000024   Code   RO          266    i.CLOCK_GetTIMCLK   clock.o
    0x08002994   0x08002994   0x00000078   Code   RO          267    i.CLOCK_HPRECompute  clock.o
    0x08002a0c   0x08002a0c   0x00000018   Code   RO           83    i.Conf_ADC          toolbox_nrj_v4.o
    0x08002a24   0x08002a24   0x00000138   Code   RO           85    i.Conf_Generale_IO_Carte  toolbox_nrj_v4.o
    0x08002b5c   0x08002b5c   0x00000030   Code   RO           87    i.Conf_IT_Principale_Systick  toolbox_nrj_v4.o
    0x08002b8c   0x08002b8c   0x00000054   Code   RO           90    i.Entree_10V        toolbox_nrj_v4.o
    0x08002be0   0x08002be0   0x00000054   Code   RO           91    i.Entree_3V3        toolbox_nrj_v4.o
    0x08002c34   0x08002c34   0x00000054   Code   RO           92    i.I1                toolbox_nrj_v4.o
    0x08002c88   0x08002c88   0x00000338   Code   RO            4    i.IT_Principale     main_user_speed.o
    0x08002fc0   0x08002fc0   0x00000048   Code   RO           97    i.Inv_Voie          toolbox_nrj_v4.o
    0x08003008   0x08003008   0x00000008   Code   RO          333    i.SetSysClock       system_stm32f10x.o
    0x08003010   0x08003010   0x000000e0   Code   RO          334    i.SetSysClockTo72   system_stm32f10x.o
    0x080030f0   0x080030f0   0x00000060   Code   RO          336    i.SystemInit        system_stm32f10x.o
    0x08003150   0x08003150   0x00000054   Code   RO           98    i.Triangle          toolbox_nrj_v4.o
    0x080031a4   0x080031a4   0x00000298   Code   RO            5    i.Trouver_tau       main_user_speed.o
    0x0800343c   0x0800343c   0x0000000e   Code   RO          594    i.__scatterload_copy  mc_w.l(handlers.o)
    0x0800344a   0x0800344a   0x00000002   Code   RO          595    i.__scatterload_null  mc_w.l(handlers.o)
    0x0800344c   0x0800344c   0x0000000e   Code   RO          596    i.__scatterload_zeroinit  mc_w.l(handlers.o)
    0x0800345a   0x0800345a   0x00000002   PAD
    0x0800345c   0x0800345c   0x000000a0   Code   RO            6    i.main              main_user_speed.o
    0x080034fc   0x080034fc   0x00000020   Data   RO          592    Region$$Table       anon$$obj.o


    Execution Region RW_IRAM1 (Exec base: 0x20000000, Load base: 0x0800351c, Size: 0x00000710, Max: 0x00005000, ABSOLUTE, COMPRESSED[0x00000018])

    Exec Addr    Load Addr    Size         Type   Attr      Idx    E Section Name        Object

    0x20000000   COMPRESSED   0x0000008c   Data   RW            8    .data               main_user_speed.o
    0x2000008c   COMPRESSED   0x00000006   Data   RW          104    .data               toolbox_nrj_v4.o
    0x20000092   COMPRESSED   0x00000002   PAD
    0x20000094   COMPRESSED   0x00000004   Data   RW          379    .data               Drivers_STM32F103_107_2021b.lib(timer_systick.o)
    0x20000098   COMPRESSED   0x0000001c   Data   RW          447    .data               Drivers_STM32F103_107_2021b.lib(nvic_it_ext.o)
    0x200000b4   COMPRESSED   0x0000000c   Data   RW          473    .data               Drivers_STM32F103_107_2021b.lib(adc_dma.o)
    0x200000c0   COMPRESSED   0x000000a0   Data   RW          502    .data               Drivers_STM32F103_107_2021b.lib(timer_1234.o)
    0x20000160        -       0x00000190   Zero   RW            7    .bss                main_user_speed.o
    0x200002f0        -       0x00000020   Zero   RW          472    .bss                Drivers_STM32F103_107_2021b.lib(adc_dma.o)
    0x20000310        -       0x00000400   Zero   RW          323    STACK               startup_stm32f10x_md.o


==============================================================================

Image component sizes


      Code (inc. data)   RO Data    RW Data    ZI Data      Debug   Object Name

       332         34          0          0          0       2482   clock.o
      1648        282          0        140        400     209831   main_user_speed.o
        36          8        236          0       1024        836   startup_stm32f10x_md.o
       328         28          0          0          0       2077   system_stm32f10x.o
      1008         64          0          6          0       5053   toolbox_nrj_v4.o

    ----------------------------------------------------------------------
      3352        416        268        148       1424     220279   Object Totals
         0          0         32          0          0          0   (incl. Generated)
         0          0          0          2          0          0   (incl. Padding)

    ----------------------------------------------------------------------

      Code (inc. data)   RO Data    RW Data    ZI Data      Debug   Library Member Name

      1832        198          0         12         32       4828   adc_dma.o
       384         26          0          0          0       1265   gpio.o
       724         62          0         28          0       3451   nvic_it_ext.o
      4520        448          0        160          0       8454   timer_1234.o
       312         22          0          4          0     224253   timer_systick.o
        58          0          0          0          0          0   __dczerorl.o
         0          0          0          0          0          0   entry.o
         0          0          0          0          0          0   entry10a.o
         0          0          0          0          0          0   entry11a.o
         4          0          0          0          0          0   entry12b.o
         8          4          0          0          0          0   entry2.o
         4          0          0          0          0          0   entry5.o
         0          0          0          0          0          0   entry7b.o
         0          0          0          0          0          0   entry8b.o
         8          4          0          0          0          0   entry9a.o
        30          0          0          0          0          0   handlers.o
        36          8          0          0          0         68   init.o
         0          0          0          0          0          0   iusefp.o
        30          0          0          0          0         68   llshl.o
        36          0          0          0          0         68   llsshr.o
        32          0          0          0          0         68   llushr.o
        48          0          0          0          0         68   cdcmple.o
        48          0          0          0          0         68   cdrcmple.o
        20          0          0          0          0         68   cfcmple.o
        20          0          0          0          0         68   cfrcmple.o
        56          0          0          0          0         88   d2f.o
       334          0          0          0          0        148   dadd.o
       222          0          0          0          0        100   ddiv.o
       186          0          0          0          0        176   depilogue.o
        62          0          0          0          0         80   dfixi.o
        34          0          0          0          0         76   dflti.o
        26          0          0          0          0         76   dfltui.o
       228          0          0          0          0         96   dmul.o
        38          0          0          0          0         68   f2d.o
       176          0          0          0          0        140   fadd.o
       124          0          0          0          0         88   fdiv.o
       110          0          0          0          0        168   fepilogue.o
        50          0          0          0          0         68   ffixi.o
        40          0          0          0          0         68   ffixui.o
        18          0          0          0          0         68   fflti.o
        10          0          0          0          0         68   ffltui.o
       100          0          0          0          0         76   fmul.o

    ----------------------------------------------------------------------
      9976        772          0        204         32     244447   Library Totals
         8          0          0          0          0          0   (incl. Padding)

    ----------------------------------------------------------------------

      Code (inc. data)   RO Data    RW Data    ZI Data      Debug   Library Name

      7772        756          0        204         32     242251   Drivers_STM32F103_107_2021b.lib
       246         16          0          0          0        272   mc_w.l
      1950          0          0          0          0       1924   mf_w.l

    ----------------------------------------------------------------------
      9976        772          0        204         32     244447   Library Totals

    ----------------------------------------------------------------------

==============================================================================


      Code (inc. data)   RO Data    RW Data    ZI Data      Debug   

     13328       1188        268        352       1456     462566   Grand Totals
     13328       1188        268         24       1456     462566   ELF Image Totals (compressed)
     13328       1188        268         24          0          0   ROM Totals

==============================================================================

    Total RO  Size (Code + RO Data)                13596 (  13.28kB)
    Total RW  Size (RW Data + ZI Data)              1808 (   1.77kB)
    Total ROM Size (Code + RO Data + RW Data)      13620 (  13.30kB)

==============================================================================

